[debug] [2025-11-27T11:50:42.515Z] ----------------------------------------------------------------------
[debug] [2025-11-27T11:50:42.518Z] Command:       C:\Program Files\nodejs\node.exe C:\Users\USER\AppData\Roaming\npm\node_modules\firebase-tools\lib\bin\firebase.js deploy --only firestore:rules --debug
[debug] [2025-11-27T11:50:42.518Z] CLI Version:   14.14.0
[debug] [2025-11-27T11:50:42.518Z] Platform:      win32
[debug] [2025-11-27T11:50:42.519Z] Node Version:  v22.14.0
[debug] [2025-11-27T11:50:42.519Z] Time:          Thu Nov 27 2025 13:50:42 GMT+0200 (Central Africa Time)
[debug] [2025-11-27T11:50:42.519Z] ----------------------------------------------------------------------
[debug] 
[debug] [2025-11-27T11:50:42.883Z] > command requires scopes: ["email","openid","https://www.googleapis.com/auth/cloudplatformprojects.readonly","https://www.googleapis.com/auth/firebase","https://www.googleapis.com/auth/cloud-platform"]
[debug] [2025-11-27T11:50:42.885Z] > authorizing via signed-in user (optimusprimetwac@gmail.com)
[debug] [2025-11-27T11:50:42.886Z] [iam] checking project skillsg-44ea6 for permissions ["datastore.indexes.create","datastore.indexes.delete","datastore.indexes.list","datastore.indexes.update","firebase.projects.get"]
[debug] [2025-11-27T11:50:42.888Z] Checked if tokens are valid: true, expires at: 1764247783790
[debug] [2025-11-27T11:50:42.889Z] Checked if tokens are valid: true, expires at: 1764247783790
[debug] [2025-11-27T11:50:42.892Z] >>> [apiv2][query] POST https://cloudresourcemanager.googleapis.com/v1/projects/skillsg-44ea6:testIamPermissions [none]
[debug] [2025-11-27T11:50:42.893Z] >>> [apiv2][(partial)header] POST https://cloudresourcemanager.googleapis.com/v1/projects/skillsg-44ea6:testIamPermissions x-goog-quota-user=projects/skillsg-44ea6
[debug] [2025-11-27T11:50:42.894Z] >>> [apiv2][body] POST https://cloudresourcemanager.googleapis.com/v1/projects/skillsg-44ea6:testIamPermissions {"permissions":["datastore.indexes.create","datastore.indexes.delete","datastore.indexes.list","datastore.indexes.update","firebase.projects.get"]}
[debug] [2025-11-27T11:50:45.047Z] <<< [apiv2][status] POST https://cloudresourcemanager.googleapis.com/v1/projects/skillsg-44ea6:testIamPermissions 200
[debug] [2025-11-27T11:50:45.048Z] <<< [apiv2][body] POST https://cloudresourcemanager.googleapis.com/v1/projects/skillsg-44ea6:testIamPermissions {}
[debug] [2025-11-27T11:50:45.048Z] [iam] error while checking permissions, command may fail: Authorization failed. This account is missing the following required permissions on project skillsg-44ea6:

  datastore.indexes.create
  datastore.indexes.delete
  datastore.indexes.list
  datastore.indexes.update
  firebase.projects.get
[info] 
[info] === Deploying to 'skillsg-44ea6'...
[info] 
[info] i  deploying firestore 
[info] i  firestore: reading indexes from firestore.indexes.json... 
[info] i  cloud.firestore: checking firestore.rules for compilation errors... 
[debug] [2025-11-27T11:50:45.061Z] Checked if tokens are valid: true, expires at: 1764247783790
[debug] [2025-11-27T11:50:45.062Z] Checked if tokens are valid: true, expires at: 1764247783790
[debug] [2025-11-27T11:50:45.063Z] >>> [apiv2][query] POST https://firebaserules.googleapis.com/v1/projects/skillsg-44ea6:test [none]
[debug] [2025-11-27T11:50:45.063Z] >>> [apiv2][body] POST https://firebaserules.googleapis.com/v1/projects/skillsg-44ea6:test [omitted]
[debug] [2025-11-27T11:50:46.360Z] <<< [apiv2][status] POST https://firebaserules.googleapis.com/v1/projects/skillsg-44ea6:test 403
[debug] [2025-11-27T11:50:46.360Z] <<< [apiv2][body] POST https://firebaserules.googleapis.com/v1/projects/skillsg-44ea6:test {"error":{"code":403,"message":"The caller does not have permission","status":"PERMISSION_DENIED"}}
[error] 
[error] Error: Request to https://firebaserules.googleapis.com/v1/projects/skillsg-44ea6:test had HTTP Error: 403, The caller does not have permission
[debug] [2025-11-27T11:50:46.792Z] Error Context: {
  "body": {
    "error": {
      "code": 403,
      "message": "The caller does not have permission",
      "status": "PERMISSION_DENIED"
    }
  },
  "response": {
    "statusCode": 403
  }
}
